// Jest Snapshot v1, https://goo.gl/fbAQLP

exports[`testing on FirstApp2 component should match with snapshot 1`] = `
<div>
  <h1
    data-testid="test-title"
  >
    Hola, soy Luciano
  </h1>
  <p />
  <p />
  <p>
    Luciano
  </p>
</div>
`;
